[     176ms] [INFO] %cDownload the React DevTools for a better development experience: https://react.dev/link/react-devtools font-weight:bold @ http://localhost:3001/_next/static/chunks/node_modules_next_dist_1ybzpk2._.js:2477
[     192ms] [LOG] [HMR] connected @ http://localhost:3001/_next/static/chunks/node_modules_next_dist_1ybzpk2._.js:2477
[     314ms] [LOG] [Fast Refresh] rebuilding @ http://localhost:3001/_next/static/chunks/node_modules_next_dist_1ybzpk2._.js:2477
[     603ms] [LOG] [Fast Refresh] done in 391ms @ http://localhost:3001/_next/static/chunks/node_modules_next_dist_1ybzpk2._.js:2477
[    3266ms] [WARNING] The resource http://localhost:3001/_next/static/media/797e433ab948586e-s.p.0w5z4e7s8jfe5.woff2 was preloaded using link preload but not used within a few seconds from the window's load event. Please make sure it has an appropriate `as` value and it is preloaded intentionally. @ http://localhost:3001/agent:0
[   13246ms] [WARNING] The resource http://localhost:3001/_next/static/media/797e433ab948586e-s.p.0w5z4e7s8jfe5.woff2 was preloaded using link preload but not used within a few seconds from the window's load event. Please make sure it has an appropriate `as` value and it is preloaded intentionally. @ http://localhost:3001/agent:0
[   23247ms] [WARNING] The resource http://localhost:3001/_next/static/media/797e433ab948586e-s.p.0w5z4e7s8jfe5.woff2 was preloaded using link preload but not used within a few seconds from the window's load event. Please make sure it has an appropriate `as` value and it is preloaded intentionally. @ http://localhost:3001/agent:0
[   33250ms] [WARNING] The resource http://localhost:3001/_next/static/media/797e433ab948586e-s.p.0w5z4e7s8jfe5.woff2 was preloaded using link preload but not used within a few seconds from the window's load event. Please make sure it has an appropriate `as` value and it is preloaded intentionally. @ http://localhost:3001/agent:0
[   43250ms] [WARNING] The resource http://localhost:3001/_next/static/media/797e433ab948586e-s.p.0w5z4e7s8jfe5.woff2 was preloaded using link preload but not used within a few seconds from the window's load event. Please make sure it has an appropriate `as` value and it is preloaded intentionally. @ http://localhost:3001/agent:0
[   53249ms] [WARNING] The resource http://localhost:3001/_next/static/media/797e433ab948586e-s.p.0w5z4e7s8jfe5.woff2 was preloaded using link preload but not used within a few seconds from the window's load event. Please make sure it has an appropriate `as` value and it is preloaded intentionally. @ http://localhost:3001/agent:0
[   63249ms] [WARNING] The resource http://localhost:3001/_next/static/media/797e433ab948586e-s.p.0w5z4e7s8jfe5.woff2 was preloaded using link preload but not used within a few seconds from the window's load event. Please make sure it has an appropriate `as` value and it is preloaded intentionally. @ http://localhost:3001/agent:0
[   73243ms] [WARNING] The resource http://localhost:3001/_next/static/media/797e433ab948586e-s.p.0w5z4e7s8jfe5.woff2 was preloaded using link preload but not used within a few seconds from the window's load event. Please make sure it has an appropriate `as` value and it is preloaded intentionally. @ http://localhost:3001/agent:0
[   83241ms] [WARNING] The resource http://localhost:3001/_next/static/media/797e433ab948586e-s.p.0w5z4e7s8jfe5.woff2 was preloaded using link preload but not used within a few seconds from the window's load event. Please make sure it has an appropriate `as` value and it is preloaded intentionally. @ http://localhost:3001/agent:0
[   93253ms] [WARNING] The resource http://localhost:3001/_next/static/media/797e433ab948586e-s.p.0w5z4e7s8jfe5.woff2 was preloaded using link preload but not used within a few seconds from the window's load event. Please make sure it has an appropriate `as` value and it is preloaded intentionally. @ http://localhost:3001/agent:0
[  103243ms] [WARNING] The resource http://localhost:3001/_next/static/media/797e433ab948586e-s.p.0w5z4e7s8jfe5.woff2 was preloaded using link preload but not used within a few seconds from the window's load event. Please make sure it has an appropriate `as` value and it is preloaded intentionally. @ http://localhost:3001/agent:0
[  113245ms] [WARNING] The resource http://localhost:3001/_next/static/media/797e433ab948586e-s.p.0w5z4e7s8jfe5.woff2 was preloaded using link preload but not used within a few seconds from the window's load event. Please make sure it has an appropriate `as` value and it is preloaded intentionally. @ http://localhost:3001/agent:0
[  123244ms] [WARNING] The resource http://localhost:3001/_next/static/media/797e433ab948586e-s.p.0w5z4e7s8jfe5.woff2 was preloaded using link preload but not used within a few seconds from the window's load event. Please make sure it has an appropriate `as` value and it is preloaded intentionally. @ http://localhost:3001/agent:0
[  133242ms] [WARNING] The resource http://localhost:3001/_next/static/media/797e433ab948586e-s.p.0w5z4e7s8jfe5.woff2 was preloaded using link preload but not used within a few seconds from the window's load event. Please make sure it has an appropriate `as` value and it is preloaded intentionally. @ http://localhost:3001/agent:0
[  143240ms] [WARNING] The resource http://localhost:3001/_next/static/media/797e433ab948586e-s.p.0w5z4e7s8jfe5.woff2 was preloaded using link preload but not used within a few seconds from the window's load event. Please make sure it has an appropriate `as` value and it is preloaded intentionally. @ http://localhost:3001/agent:0
[  153240ms] [WARNING] The resource http://localhost:3001/_next/static/media/797e433ab948586e-s.p.0w5z4e7s8jfe5.woff2 was preloaded using link preload but not used within a few seconds from the window's load event. Please make sure it has an appropriate `as` value and it is preloaded intentionally. @ http://localhost:3001/agent:0
[  163244ms] [WARNING] The resource http://localhost:3001/_next/static/media/797e433ab948586e-s.p.0w5z4e7s8jfe5.woff2 was preloaded using link preload but not used within a few seconds from the window's load event. Please make sure it has an appropriate `as` value and it is preloaded intentionally. @ http://localhost:3001/agent:0
[  173247ms] [WARNING] The resource http://localhost:3001/_next/static/media/797e433ab948586e-s.p.0w5z4e7s8jfe5.woff2 was preloaded using link preload but not used within a few seconds from the window's load event. Please make sure it has an appropriate `as` value and it is preloaded intentionally. @ http://localhost:3001/agent:0
[  183284ms] [WARNING] The resource http://localhost:3001/_next/static/media/797e433ab948586e-s.p.0w5z4e7s8jfe5.woff2 was preloaded using link preload but not used within a few seconds from the window's load event. Please make sure it has an appropriate `as` value and it is preloaded intentionally. @ http://localhost:3001/agent:0
[  193251ms] [WARNING] The resource http://localhost:3001/_next/static/media/797e433ab948586e-s.p.0w5z4e7s8jfe5.woff2 was preloaded using link preload but not used within a few seconds from the window's load event. Please make sure it has an appropriate `as` value and it is preloaded intentionally. @ http://localhost:3001/agent:0
[  203247ms] [WARNING] The resource http://localhost:3001/_next/static/media/797e433ab948586e-s.p.0w5z4e7s8jfe5.woff2 was preloaded using link preload but not used within a few seconds from the window's load event. Please make sure it has an appropriate `as` value and it is preloaded intentionally. @ http://localhost:3001/agent:0
[  213251ms] [WARNING] The resource http://localhost:3001/_next/static/media/797e433ab948586e-s.p.0w5z4e7s8jfe5.woff2 was preloaded using link preload but not used within a few seconds from the window's load event. Please make sure it has an appropriate `as` value and it is preloaded intentionally. @ http://localhost:3001/agent:0
[  223253ms] [WARNING] The resource http://localhost:3001/_next/static/media/797e433ab948586e-s.p.0w5z4e7s8jfe5.woff2 was preloaded using link preload but not used within a few seconds from the window's load event. Please make sure it has an appropriate `as` value and it is preloaded intentionally. @ http://localhost:3001/agent:0
[  233246ms] [WARNING] The resource http://localhost:3001/_next/static/media/797e433ab948586e-s.p.0w5z4e7s8jfe5.woff2 was preloaded using link preload but not used within a few seconds from the window's load event. Please make sure it has an appropriate `as` value and it is preloaded intentionally. @ http://localhost:3001/agent:0
[  243249ms] [WARNING] The resource http://localhost:3001/_next/static/media/797e433ab948586e-s.p.0w5z4e7s8jfe5.woff2 was preloaded using link preload but not used within a few seconds from the window's load event. Please make sure it has an appropriate `as` value and it is preloaded intentionally. @ http://localhost:3001/agent:0
[  250141ms] [LOG] [Fast Refresh] rebuilding @ http://localhost:3001/_next/static/chunks/node_modules_next_dist_1ybzpk2._.js:2477
[  250164ms] [LOG] [Fast Refresh] done in 124ms @ http://localhost:3001/_next/static/chunks/node_modules_next_dist_1ybzpk2._.js:2477
[  253302ms] [WARNING] The resource http://localhost:3001/_next/static/media/797e433ab948586e-s.p.0w5z4e7s8jfe5.woff2 was preloaded using link preload but not used within a few seconds from the window's load event. Please make sure it has an appropriate `as` value and it is preloaded intentionally. @ http://localhost:3001/agent:0
[  260228ms] [ERROR] Failed to load resource: net::ERR_CONNECTION_REFUSED @ http://localhost:3001/api/agent?action=status:0
[  260228ms] [ERROR] Failed to load resource: net::ERR_CONNECTION_REFUSED @ http://localhost:3001/api/agent?action=queue:0
[  260228ms] [ERROR] Failed to load resource: net::ERR_CONNECTION_REFUSED @ http://localhost:3001/api/agent?action=creatives:0
[  261106ms] [ERROR] WebSocket connection to 'ws://localhost:3001/_next/webpack-hmr?id=9sE_KgujHITPuNvLJm9_x' failed: Error in connection establishment: net::ERR_CONNECTION_REFUSED @ http://localhost:3001/_next/static/chunks/node_modules_next_dist_client_0r5nbpw._.js:13422
[  262448ms] [LOG] [HMR] connected @ http://localhost:3001/_next/static/chunks/node_modules_next_dist_1ybzpk2._.js:2477
[  262853ms] [INFO] %cDownload the React DevTools for a better development experience: https://react.dev/link/react-devtools font-weight:bold @ http://localhost:3001/_next/static/chunks/node_modules_next_dist_1ybzpk2._.js:2477
[  262868ms] [LOG] [HMR] connected @ http://localhost:3001/_next/static/chunks/node_modules_next_dist_1ybzpk2._.js:2477
[  308863ms] [LOG] [Fast Refresh] rebuilding @ http://localhost:3001/_next/static/chunks/node_modules_next_dist_1ybzpk2._.js:2477
[  309095ms] [LOG] [Fast Refresh] done in 333ms @ http://localhost:3001/_next/static/chunks/node_modules_next_dist_1ybzpk2._.js:2477
[  371606ms] [ERROR] WebSocket connection to 'ws://localhost:3001/_next/webpack-hmr?id=FTX49jbyesV8JD-Q9UH1y' failed: Error in connection establishment: net::ERR_CONNECTION_REFUSED @ http://localhost:3001/_next/static/chunks/node_modules_next_dist_client_0r5nbpw._.js:13422
[  372659ms] [LOG] [HMR] connected @ http://localhost:3001/_next/static/chunks/node_modules_next_dist_1ybzpk2._.js:2477
[  373086ms] [INFO] %cDownload the React DevTools for a better development experience: https://react.dev/link/react-devtools font-weight:bold @ http://localhost:3001/_next/static/chunks/node_modules_next_dist_1ybzpk2._.js:2477
[  373100ms] [LOG] [HMR] connected @ http://localhost:3001/_next/static/chunks/node_modules_next_dist_1ybzpk2._.js:2477
[  417061ms] [LOG] [Fast Refresh] rebuilding @ http://localhost:3001/_next/static/chunks/node_modules_next_dist_1ybzpk2._.js:2477
[  417230ms] [LOG] [Fast Refresh] done in 270ms @ http://localhost:3001/_next/static/chunks/node_modules_next_dist_1ybzpk2._.js:2477
[  475754ms] [ERROR] WebSocket connection to 'ws://localhost:3001/_next/webpack-hmr?id=q1RzbwmT5BruFcQuBfN1D' failed: Error in connection establishment: net::ERR_CONNECTION_REFUSED @ http://localhost:3001/_next/static/chunks/node_modules_next_dist_client_0r5nbpw._.js:13422
[  476921ms] [LOG] [HMR] connected @ http://localhost:3001/_next/static/chunks/node_modules_next_dist_1ybzpk2._.js:2477
[  477245ms] [INFO] %cDownload the React DevTools for a better development experience: https://react.dev/link/react-devtools font-weight:bold @ http://localhost:3001/_next/static/chunks/node_modules_next_dist_1ybzpk2._.js:2477
[  477258ms] [LOG] [HMR] connected @ http://localhost:3001/_next/static/chunks/node_modules_next_dist_1ybzpk2._.js:2477
[  644566ms] [ERROR] WebSocket connection to 'ws://localhost:3001/_next/webpack-hmr?id=whmHqBircav-88vIRUBe9' failed: Error in connection establishment: net::ERR_CONNECTION_REFUSED @ http://localhost:3001/_next/static/chunks/node_modules_next_dist_client_0r5nbpw._.js:13422
[  645709ms] [LOG] [HMR] connected @ http://localhost:3001/_next/static/chunks/node_modules_next_dist_1ybzpk2._.js:2477
[  646059ms] [INFO] %cDownload the React DevTools for a better development experience: https://react.dev/link/react-devtools font-weight:bold @ http://localhost:3001/_next/static/chunks/node_modules_next_dist_1ybzpk2._.js:2477
[  646070ms] [LOG] [HMR] connected @ http://localhost:3001/_next/static/chunks/node_modules_next_dist_1ybzpk2._.js:2477
